// Vitest Snapshot v1, https://vitest.dev/guide/snapshot.html

exports[`GET /api/admin/export > CSV output matches snapshot (empty data) 1`] = `"id,email,first_name,status,started_at,completed_at,duration_sec"`;

exports[`GET /api/admin/export > CSV output matches snapshot (with data) 1`] = `
"id,email,first_name,status,started_at,completed_at,duration_sec,q1
1,test@example.com,Test,completed,2025-06-15T10:00:00Z,2025-06-15T10:05:00Z,300,Sample answer"
`;
